

================================================================
== Vitis HLS Report for 'fir128'
================================================================
* Date:           Tue Oct 17 19:53:22 2023

* Version:        2023.1 (Build 3854077 on May  4 2023)
* Project:        hw1_fir128
* Solution:       solution1 (Vivado IP Flow Target)
* Product family: zynq
* Target device:  xc7z020-clg400-1


================================================================
== Performance Estimates
================================================================
+ Timing: 
    * Summary: 
    +--------+----------+----------+------------+
    |  Clock |  Target  | Estimated| Uncertainty|
    +--------+----------+----------+------------+
    |ap_clk  |  10.00 ns|  7.013 ns|     2.70 ns|
    +--------+----------+----------+------------+

+ Latency: 
    * Summary: 
    +---------+---------+-----------+-----------+-----+-----+---------+
    |  Latency (cycles) |   Latency (absolute)  |  Interval | Pipeline|
    |   min   |   max   |    min    |    max    | min | max |   Type  |
    +---------+---------+-----------+-----------+-----+-----+---------+
    |        6|        6|  60.000 ns|  60.000 ns|    7|    7|       no|
    +---------+---------+-----------+-----------+-----+-----+---------+

    + Detail: 
        * Instance: 
        N/A

        * Loop: 
        N/A



================================================================
== Utilization Estimates
================================================================
* Summary: 
+-----------------+---------+-----+--------+-------+-----+
|       Name      | BRAM_18K| DSP |   FF   |  LUT  | URAM|
+-----------------+---------+-----+--------+-------+-----+
|DSP              |        -|   12|       -|      -|    -|
|Expression       |        -|    -|       0|   3325|    -|
|FIFO             |        -|    -|       -|      -|    -|
|Instance         |        0|    -|     112|    168|    -|
|Memory           |        -|    -|       -|      -|    -|
|Multiplexer      |        -|    -|       -|     42|    -|
|Register         |        -|    -|    1549|      -|    -|
+-----------------+---------+-----+--------+-------+-----+
|Total            |        0|   12|    1661|   3535|    0|
+-----------------+---------+-----+--------+-------+-----+
|Available        |      280|  220|  106400|  53200|    0|
+-----------------+---------+-----+--------+-------+-----+
|Utilization (%)  |        0|    5|       1|      6|    0|
+-----------------+---------+-----+--------+-------+-----+

+ Detail: 
    * Instance: 
    +-----------------+---------------+---------+----+-----+-----+-----+
    |     Instance    |     Module    | BRAM_18K| DSP|  FF | LUT | URAM|
    +-----------------+---------------+---------+----+-----+-----+-----+
    |control_s_axi_U  |control_s_axi  |        0|   0|  112|  168|    0|
    +-----------------+---------------+---------+----+-----+-----+-----+
    |Total            |               |        0|   0|  112|  168|    0|
    +-----------------+---------------+---------+----+-----+-----+-----+

    * DSP: 
    +----------------------------------------+------------------------------------+---------------------+
    |                Instance                |               Module               |      Expression     |
    +----------------------------------------+------------------------------------+---------------------+
    |am_addmul_8s_8s_5s_13_4_1_U1            |am_addmul_8s_8s_5s_13_4_1           |       (i0 + i1) * i2|
    |am_addmul_8s_8s_5s_13_4_1_U4            |am_addmul_8s_8s_5s_13_4_1           |       (i0 + i1) * i2|
    |am_addmul_8s_8s_5s_13_4_1_U5            |am_addmul_8s_8s_5s_13_4_1           |       (i0 + i1) * i2|
    |am_addmul_8s_8s_5s_13_4_1_U8            |am_addmul_8s_8s_5s_13_4_1           |       (i0 + i1) * i2|
    |am_addmul_8s_8s_5s_13_4_1_U9            |am_addmul_8s_8s_5s_13_4_1           |       (i0 + i1) * i2|
    |am_addmul_8s_8s_5s_13_4_1_U12           |am_addmul_8s_8s_5s_13_4_1           |       (i0 + i1) * i2|
    |ama_addmuladd_8s_8s_4ns_12s_14_4_1_U2   |ama_addmuladd_8s_8s_4ns_12s_14_4_1  |  (i0 + i1) * i2 + i3|
    |ama_addmuladd_8s_8s_4ns_12s_14_4_1_U3   |ama_addmuladd_8s_8s_4ns_12s_14_4_1  |  i0 + (i1 + i2) * i3|
    |ama_addmuladd_8s_8s_4ns_12s_14_4_1_U6   |ama_addmuladd_8s_8s_4ns_12s_14_4_1  |  (i0 + i1) * i2 + i3|
    |ama_addmuladd_8s_8s_4ns_12s_14_4_1_U7   |ama_addmuladd_8s_8s_4ns_12s_14_4_1  |  i0 + (i1 + i2) * i3|
    |ama_addmuladd_8s_8s_4ns_12s_14_4_1_U10  |ama_addmuladd_8s_8s_4ns_12s_14_4_1  |  (i0 + i1) * i2 + i3|
    |ama_addmuladd_8s_8s_4ns_12s_14_4_1_U11  |ama_addmuladd_8s_8s_4ns_12s_14_4_1  |  i0 + (i1 + i2) * i3|
    +----------------------------------------+------------------------------------+---------------------+

    * Memory: 
    N/A

    * FIFO: 
    N/A

    * Expression: 
    +-------------------------+----------+----+---+----+------------+------------+
    |      Variable Name      | Operation| DSP| FF| LUT| Bitwidth P0| Bitwidth P1|
    +-------------------------+----------+----+---+----+------------+------------+
    |acc_2_fu_5540_p2         |         +|   0|  0|  14|          13|          13|
    |acc_fu_6097_p2           |         +|   0|  0|  16|          16|          16|
    |add_ln49_100_fu_3708_p2  |         +|   0|  0|  14|          13|          13|
    |add_ln49_101_fu_3718_p2  |         +|   0|  0|  14|          13|          13|
    |add_ln49_102_fu_3728_p2  |         +|   0|  0|  17|          14|          14|
    |add_ln49_103_fu_3734_p2  |         +|   0|  0|  14|          13|          13|
    |add_ln49_104_fu_3744_p2  |         +|   0|  0|  14|          13|          13|
    |add_ln49_105_fu_3754_p2  |         +|   0|  0|  17|          14|          14|
    |add_ln49_106_fu_5898_p2  |         +|   0|  0|  20|          15|          15|
    |add_ln49_108_fu_5914_p2  |         +|   0|  0|  17|          14|          14|
    |add_ln49_109_fu_3766_p2  |         +|   0|  0|  12|          12|          12|
    |add_ln49_10_fu_4725_p2   |         +|   0|  0|  12|          12|          12|
    |add_ln49_112_fu_5927_p2  |         +|   0|  0|  20|          15|          15|
    |add_ln49_113_fu_5937_p2  |         +|   0|  0|  23|          16|          16|
    |add_ln49_114_fu_3776_p2  |         +|   0|  0|  14|          13|          13|
    |add_ln49_115_fu_3786_p2  |         +|   0|  0|  14|          13|          13|
    |add_ln49_116_fu_3796_p2  |         +|   0|  0|  17|          14|          14|
    |add_ln49_117_fu_3806_p2  |         +|   0|  0|  14|          13|          13|
    |add_ln49_118_fu_3816_p2  |         +|   0|  0|  14|          13|          13|
    |add_ln49_119_fu_3826_p2  |         +|   0|  0|  17|          14|          14|
    |add_ln49_11_fu_4759_p2   |         +|   0|  0|  12|          12|          12|
    |add_ln49_120_fu_3836_p2  |         +|   0|  0|  20|          15|          15|
    |add_ln49_122_fu_3842_p2  |         +|   0|  0|  12|          12|          12|
    |add_ln49_125_fu_5955_p2  |         +|   0|  0|  17|          14|          14|
    |add_ln49_126_fu_5965_p2  |         +|   0|  0|  20|          15|          15|
    |add_ln49_127_fu_5975_p2  |         +|   0|  0|  23|          16|          16|
    |add_ln49_128_fu_6084_p2  |         +|   0|  0|  16|          16|          16|
    |add_ln49_129_fu_3858_p2  |         +|   0|  0|  14|          13|          13|
    |add_ln49_12_fu_4793_p2   |         +|   0|  0|  12|          12|          12|
    |add_ln49_130_fu_3868_p2  |         +|   0|  0|  14|          13|          13|
    |add_ln49_131_fu_3878_p2  |         +|   0|  0|  17|          14|          14|
    |add_ln49_132_fu_3884_p2  |         +|   0|  0|  14|          13|          13|
    |add_ln49_133_fu_3894_p2  |         +|   0|  0|  14|          13|          13|
    |add_ln49_134_fu_3904_p2  |         +|   0|  0|  17|          14|          14|
    |add_ln49_135_fu_5987_p2  |         +|   0|  0|  20|          15|          15|
    |add_ln49_136_fu_3910_p2  |         +|   0|  0|  14|          13|          13|
    |add_ln49_137_fu_3920_p2  |         +|   0|  0|  14|          13|          13|
    |add_ln49_138_fu_3930_p2  |         +|   0|  0|  17|          14|          14|
    |add_ln49_139_fu_3936_p2  |         +|   0|  0|  14|          13|          13|
    |add_ln49_13_fu_4827_p2   |         +|   0|  0|  12|          12|          12|
    |add_ln49_140_fu_3946_p2  |         +|   0|  0|  14|          13|          13|
    |add_ln49_141_fu_3956_p2  |         +|   0|  0|  17|          14|          14|
    |add_ln49_142_fu_6003_p2  |         +|   0|  0|  20|          15|          15|
    |add_ln49_143_fu_6013_p2  |         +|   0|  0|  16|          16|          16|
    |add_ln49_144_fu_1208_p2  |         +|   0|  0|  14|          13|          13|
    |add_ln49_145_fu_1218_p2  |         +|   0|  0|  14|          13|          13|
    |add_ln49_146_fu_1228_p2  |         +|   0|  0|  17|          14|          14|
    |add_ln49_147_fu_1234_p2  |         +|   0|  0|  14|          13|          13|
    |add_ln49_148_fu_1244_p2  |         +|   0|  0|  14|          13|          13|
    |add_ln49_149_fu_1254_p2  |         +|   0|  0|  17|          14|          14|
    |add_ln49_14_fu_4861_p2   |         +|   0|  0|  12|          12|          12|
    |add_ln49_150_fu_3968_p2  |         +|   0|  0|  20|          15|          15|
    |add_ln49_152_fu_3984_p2  |         +|   0|  0|  17|          14|          14|
    |add_ln49_153_fu_1266_p2  |         +|   0|  0|  12|          12|          12|
    |add_ln49_156_fu_3997_p2  |         +|   0|  0|  20|          15|          15|
    |add_ln49_157_fu_4007_p2  |         +|   0|  0|  23|          16|          16|
    |add_ln49_158_fu_6019_p2  |         +|   0|  0|  16|          16|          16|
    |add_ln49_159_fu_6088_p2  |         +|   0|  0|  16|          16|          16|
    |add_ln49_15_fu_4895_p2   |         +|   0|  0|  12|          12|          12|
    |add_ln49_16_fu_4929_p2   |         +|   0|  0|  12|          12|          12|
    |add_ln49_17_fu_4963_p2   |         +|   0|  0|  12|          12|          12|
    |add_ln49_18_fu_4997_p2   |         +|   0|  0|  12|          12|          12|
    |add_ln49_19_fu_5031_p2   |         +|   0|  0|  12|          12|          12|
    |add_ln49_1_fu_4419_p2    |         +|   0|  0|  12|          12|          12|
    |add_ln49_20_fu_5065_p2   |         +|   0|  0|  12|          12|          12|
    |add_ln49_21_fu_5097_p2   |         +|   0|  0|  12|          12|          12|
    |add_ln49_22_fu_1909_p2   |         +|   0|  0|  12|          12|          12|
    |add_ln49_23_fu_1943_p2   |         +|   0|  0|  12|          12|          12|
    |add_ln49_24_fu_1977_p2   |         +|   0|  0|  12|          12|          12|
    |add_ln49_25_fu_2011_p2   |         +|   0|  0|  12|          12|          12|
    |add_ln49_26_fu_2045_p2   |         +|   0|  0|  12|          12|          12|
    |add_ln49_27_fu_2079_p2   |         +|   0|  0|  12|          12|          12|
    |add_ln49_28_fu_2113_p2   |         +|   0|  0|  12|          12|          12|
    |add_ln49_29_fu_2145_p2   |         +|   0|  0|  12|          12|          12|
    |add_ln49_2_fu_4453_p2    |         +|   0|  0|  12|          12|          12|
    |add_ln49_30_fu_2647_p2   |         +|   0|  0|  12|          12|          12|
    |add_ln49_31_fu_2681_p2   |         +|   0|  0|  12|          12|          12|
    |add_ln49_32_fu_2715_p2   |         +|   0|  0|  12|          12|          12|
    |add_ln49_33_fu_2749_p2   |         +|   0|  0|  12|          12|          12|
    |add_ln49_34_fu_2783_p2   |         +|   0|  0|  12|          12|          12|
    |add_ln49_35_fu_2817_p2   |         +|   0|  0|  12|          12|          12|
    |add_ln49_36_fu_2851_p2   |         +|   0|  0|  12|          12|          12|
    |add_ln49_37_fu_2883_p2   |         +|   0|  0|  12|          12|          12|
    |add_ln49_38_fu_5520_p2   |         +|   0|  0|  12|          12|          12|
    |add_ln49_39_fu_5530_p2   |         +|   0|  0|  12|          12|          12|
    |add_ln49_3_fu_4487_p2    |         +|   0|  0|  12|          12|          12|
    |add_ln49_41_fu_5550_p2   |         +|   0|  0|  14|          13|          13|
    |add_ln49_42_fu_5560_p2   |         +|   0|  0|  17|          14|          14|
    |add_ln49_43_fu_5570_p2   |         +|   0|  0|  14|          13|          13|
    |add_ln49_44_fu_5580_p2   |         +|   0|  0|  14|          13|          13|
    |add_ln49_45_fu_5590_p2   |         +|   0|  0|  17|          14|          14|
    |add_ln49_46_fu_5600_p2   |         +|   0|  0|  20|          15|          15|
    |add_ln49_47_fu_5606_p2   |         +|   0|  0|  14|          13|          13|
    |add_ln49_48_fu_5616_p2   |         +|   0|  0|  14|          13|          13|
    |add_ln49_49_fu_5626_p2   |         +|   0|  0|  17|          14|          14|
    |add_ln49_4_fu_4521_p2    |         +|   0|  0|  12|          12|          12|
    |add_ln49_50_fu_5636_p2   |         +|   0|  0|  14|          13|          13|
    |add_ln49_51_fu_5646_p2   |         +|   0|  0|  14|          13|          13|
    |add_ln49_52_fu_5656_p2   |         +|   0|  0|  17|          14|          14|
    |add_ln49_53_fu_5666_p2   |         +|   0|  0|  20|          15|          15|
    |add_ln49_54_fu_6030_p2   |         +|   0|  0|  16|          16|          16|
    |add_ln49_55_fu_5672_p2   |         +|   0|  0|  14|          13|          13|
    |add_ln49_56_fu_5682_p2   |         +|   0|  0|  14|          13|          13|
    |add_ln49_57_fu_5692_p2   |         +|   0|  0|  17|          14|          14|
    |add_ln49_58_fu_5702_p2   |         +|   0|  0|  14|          13|          13|
    |add_ln49_59_fu_5712_p2   |         +|   0|  0|  14|          13|          13|
    |add_ln49_5_fu_4555_p2    |         +|   0|  0|  12|          12|          12|
    |add_ln49_60_fu_5722_p2   |         +|   0|  0|  17|          14|          14|
    |add_ln49_61_fu_5732_p2   |         +|   0|  0|  20|          15|          15|
    |add_ln49_63_fu_3606_p2   |         +|   0|  0|  12|          12|          12|
    |add_ln49_66_fu_5754_p2   |         +|   0|  0|  17|          14|          14|
    |add_ln49_67_fu_5764_p2   |         +|   0|  0|  20|          15|          15|
    |add_ln49_68_fu_6042_p2   |         +|   0|  0|  23|          16|          16|
    |add_ln49_69_fu_6048_p2   |         +|   0|  0|  16|          16|          16|
    |add_ln49_6_fu_4589_p2    |         +|   0|  0|  12|          12|          12|
    |add_ln49_70_fu_5770_p2   |         +|   0|  0|  14|          13|          13|
    |add_ln49_71_fu_5780_p2   |         +|   0|  0|  14|          13|          13|
    |add_ln49_72_fu_5790_p2   |         +|   0|  0|  17|          14|          14|
    |add_ln49_73_fu_5796_p2   |         +|   0|  0|  14|          13|          13|
    |add_ln49_74_fu_5806_p2   |         +|   0|  0|  14|          13|          13|
    |add_ln49_75_fu_5816_p2   |         +|   0|  0|  17|          14|          14|
    |add_ln49_76_fu_6060_p2   |         +|   0|  0|  20|          15|          15|
    |add_ln49_78_fu_5835_p2   |         +|   0|  0|  17|          14|          14|
    |add_ln49_79_fu_3616_p2   |         +|   0|  0|  12|          12|          12|
    |add_ln49_7_fu_4623_p2    |         +|   0|  0|  12|          12|          12|
    |add_ln49_82_fu_5848_p2   |         +|   0|  0|  20|          15|          15|
    |add_ln49_83_fu_6073_p2   |         +|   0|  0|  16|          16|          16|
    |add_ln49_84_fu_3626_p2   |         +|   0|  0|  14|          13|          13|
    |add_ln49_85_fu_3636_p2   |         +|   0|  0|  14|          13|          13|
    |add_ln49_86_fu_3646_p2   |         +|   0|  0|  17|          14|          14|
    |add_ln49_87_fu_3656_p2   |         +|   0|  0|  14|          13|          13|
    |add_ln49_88_fu_3666_p2   |         +|   0|  0|  14|          13|          13|
    |add_ln49_89_fu_3676_p2   |         +|   0|  0|  17|          14|          14|
    |add_ln49_8_fu_4657_p2    |         +|   0|  0|  12|          12|          12|
    |add_ln49_90_fu_3686_p2   |         +|   0|  0|  20|          15|          15|
    |add_ln49_92_fu_3692_p2   |         +|   0|  0|  12|          12|          12|
    |add_ln49_95_fu_5866_p2   |         +|   0|  0|  17|          14|          14|
    |add_ln49_96_fu_5876_p2   |         +|   0|  0|  20|          15|          15|
    |add_ln49_97_fu_5886_p2   |         +|   0|  0|  23|          16|          16|
    |add_ln49_98_fu_6079_p2   |         +|   0|  0|  16|          16|          16|
    |add_ln49_99_fu_6093_p2   |         +|   0|  0|  16|          16|          16|
    |add_ln49_9_fu_4691_p2    |         +|   0|  0|  12|          12|          12|
    |add_ln49_fu_4385_p2      |         +|   0|  0|  12|          12|          12|
    |sub_ln49_10_fu_5334_p2   |         -|   0|  0|  12|          12|          12|
    |sub_ln49_11_fu_5356_p2   |         -|   0|  0|  12|           1|          12|
    |sub_ln49_12_fu_5374_p2   |         -|   0|  0|  12|          12|          12|
    |sub_ln49_13_fu_5396_p2   |         -|   0|  0|  12|           1|          12|
    |sub_ln49_14_fu_5414_p2   |         -|   0|  0|  12|          12|          12|
    |sub_ln49_15_fu_5435_p2   |         -|   0|  0|  12|           1|          12|
    |sub_ln49_16_fu_5452_p2   |         -|   0|  0|  12|          12|          12|
    |sub_ln49_17_fu_1864_p2   |         -|   0|  0|  12|          11|          11|
    |sub_ln49_18_fu_2183_p2   |         -|   0|  0|  12|          11|          11|
    |sub_ln49_19_fu_2242_p2   |         -|   0|  0|  12|           1|          12|
    |sub_ln49_1_fu_5156_p2    |         -|   0|  0|  12|           1|          12|
    |sub_ln49_20_fu_2260_p2   |         -|   0|  0|  12|          12|          12|
    |sub_ln49_21_fu_2282_p2   |         -|   0|  0|  12|           1|          12|
    |sub_ln49_22_fu_2300_p2   |         -|   0|  0|  12|          12|          12|
    |sub_ln49_23_fu_2322_p2   |         -|   0|  0|  12|           1|          12|
    |sub_ln49_24_fu_2340_p2   |         -|   0|  0|  12|          12|          12|
    |sub_ln49_25_fu_2362_p2   |         -|   0|  0|  12|           1|          12|
    |sub_ln49_26_fu_2380_p2   |         -|   0|  0|  12|          12|          12|
    |sub_ln49_27_fu_2402_p2   |         -|   0|  0|  12|           1|          12|
    |sub_ln49_28_fu_2420_p2   |         -|   0|  0|  12|          12|          12|
    |sub_ln49_29_fu_2442_p2   |         -|   0|  0|  12|           1|          12|
    |sub_ln49_2_fu_5174_p2    |         -|   0|  0|  12|          12|          12|
    |sub_ln49_30_fu_2460_p2   |         -|   0|  0|  12|          12|          12|
    |sub_ln49_31_fu_2482_p2   |         -|   0|  0|  12|           1|          12|
    |sub_ln49_32_fu_2500_p2   |         -|   0|  0|  12|          12|          12|
    |sub_ln49_33_fu_2521_p2   |         -|   0|  0|  12|           1|          12|
    |sub_ln49_34_fu_2538_p2   |         -|   0|  0|  12|          12|          12|
    |sub_ln49_35_fu_2602_p2   |         -|   0|  0|  12|          11|          11|
    |sub_ln49_36_fu_2921_p2   |         -|   0|  0|  12|          11|          11|
    |sub_ln49_37_fu_2980_p2   |         -|   0|  0|  12|           1|          12|
    |sub_ln49_38_fu_2998_p2   |         -|   0|  0|  12|          12|          12|
    |sub_ln49_39_fu_3020_p2   |         -|   0|  0|  12|           1|          12|
    |sub_ln49_3_fu_5196_p2    |         -|   0|  0|  12|           1|          12|
    |sub_ln49_40_fu_3038_p2   |         -|   0|  0|  12|          12|          12|
    |sub_ln49_41_fu_3060_p2   |         -|   0|  0|  12|           1|          12|
    |sub_ln49_42_fu_3078_p2   |         -|   0|  0|  12|          12|          12|
    |sub_ln49_43_fu_3100_p2   |         -|   0|  0|  12|           1|          12|
    |sub_ln49_44_fu_3118_p2   |         -|   0|  0|  12|          12|          12|
    |sub_ln49_45_fu_3140_p2   |         -|   0|  0|  12|           1|          12|
    |sub_ln49_46_fu_3158_p2   |         -|   0|  0|  12|          12|          12|
    |sub_ln49_47_fu_3180_p2   |         -|   0|  0|  12|           1|          12|
    |sub_ln49_48_fu_3198_p2   |         -|   0|  0|  12|          12|          12|
    |sub_ln49_49_fu_3220_p2   |         -|   0|  0|  12|           1|          12|
    |sub_ln49_4_fu_5214_p2    |         -|   0|  0|  12|          12|          12|
    |sub_ln49_50_fu_3238_p2   |         -|   0|  0|  12|          12|          12|
    |sub_ln49_51_fu_3260_p2   |         -|   0|  0|  12|           1|          12|
    |sub_ln49_52_fu_3278_p2   |         -|   0|  0|  12|          12|          12|
    |sub_ln49_53_fu_3300_p2   |         -|   0|  0|  12|           1|          12|
    |sub_ln49_54_fu_3318_p2   |         -|   0|  0|  12|          12|          12|
    |sub_ln49_55_fu_3340_p2   |         -|   0|  0|  12|           1|          12|
    |sub_ln49_56_fu_3358_p2   |         -|   0|  0|  12|          12|          12|
    |sub_ln49_57_fu_3380_p2   |         -|   0|  0|  12|           1|          12|
    |sub_ln49_58_fu_3398_p2   |         -|   0|  0|  12|          12|          12|
    |sub_ln49_59_fu_3420_p2   |         -|   0|  0|  12|           1|          12|
    |sub_ln49_5_fu_5236_p2    |         -|   0|  0|  12|           1|          12|
    |sub_ln49_60_fu_3438_p2   |         -|   0|  0|  12|          12|          12|
    |sub_ln49_61_fu_3460_p2   |         -|   0|  0|  12|           1|          12|
    |sub_ln49_62_fu_3478_p2   |         -|   0|  0|  12|          12|          12|
    |sub_ln49_63_fu_3500_p2   |         -|   0|  0|  12|           1|          12|
    |sub_ln49_64_fu_3518_p2   |         -|   0|  0|  12|          12|          12|
    |sub_ln49_65_fu_3540_p2   |         -|   0|  0|  12|           1|          12|
    |sub_ln49_66_fu_3558_p2   |         -|   0|  0|  12|          12|          12|
    |sub_ln49_67_fu_3579_p2   |         -|   0|  0|  12|           1|          12|
    |sub_ln49_68_fu_3596_p2   |         -|   0|  0|  12|          12|          12|
    |sub_ln49_69_fu_827_p2    |         -|   0|  0|  12|           1|          12|
    |sub_ln49_6_fu_5254_p2    |         -|   0|  0|  12|          12|          12|
    |sub_ln49_70_fu_845_p2    |         -|   0|  0|  12|          12|          12|
    |sub_ln49_71_fu_867_p2    |         -|   0|  0|  12|           1|          12|
    |sub_ln49_72_fu_885_p2    |         -|   0|  0|  12|          12|          12|
    |sub_ln49_73_fu_907_p2    |         -|   0|  0|  12|           1|          12|
    |sub_ln49_74_fu_925_p2    |         -|   0|  0|  12|          12|          12|
    |sub_ln49_75_fu_947_p2    |         -|   0|  0|  12|           1|          12|
    |sub_ln49_76_fu_965_p2    |         -|   0|  0|  12|          12|          12|
    |sub_ln49_77_fu_987_p2    |         -|   0|  0|  12|           1|          12|
    |sub_ln49_78_fu_1005_p2   |         -|   0|  0|  12|          12|          12|
    |sub_ln49_79_fu_1027_p2   |         -|   0|  0|  12|           1|          12|
    |sub_ln49_7_fu_5276_p2    |         -|   0|  0|  12|           1|          12|
    |sub_ln49_80_fu_1045_p2   |         -|   0|  0|  12|          12|          12|
    |sub_ln49_81_fu_1067_p2   |         -|   0|  0|  12|           1|          12|
    |sub_ln49_82_fu_1085_p2   |         -|   0|  0|  12|          12|          12|
    |sub_ln49_83_fu_1106_p2   |         -|   0|  0|  12|           1|          12|
    |sub_ln49_84_fu_1123_p2   |         -|   0|  0|  12|          12|          12|
    |sub_ln49_85_fu_1187_p2   |         -|   0|  0|  12|          11|          11|
    |sub_ln49_86_fu_5741_p2   |         -|   0|  0|  12|          12|          12|
    |sub_ln49_87_fu_5825_p2   |         -|   0|  0|  12|          12|          12|
    |sub_ln49_88_fu_3702_p2   |         -|   0|  0|  12|          12|          12|
    |sub_ln49_89_fu_3760_p2   |         -|   0|  0|  12|          12|          12|
    |sub_ln49_8_fu_5294_p2    |         -|   0|  0|  12|          12|          12|
    |sub_ln49_90_fu_3852_p2   |         -|   0|  0|  12|          12|          12|
    |sub_ln49_91_fu_1260_p2   |         -|   0|  0|  12|          12|          12|
    |sub_ln49_92_fu_5123_p2   |         -|   0|  0|  12|          11|          11|
    |sub_ln49_93_fu_5488_p2   |         -|   0|  0|  12|          11|          11|
    |sub_ln49_94_fu_2209_p2   |         -|   0|  0|  12|          11|          11|
    |sub_ln49_95_fu_2576_p2   |         -|   0|  0|  12|          11|          11|
    |sub_ln49_96_fu_2947_p2   |         -|   0|  0|  12|          11|          11|
    |sub_ln49_97_fu_1161_p2   |         -|   0|  0|  12|          11|          11|
    |sub_ln49_9_fu_5316_p2    |         -|   0|  0|  12|           1|          12|
    |sub_ln49_fu_1838_p2      |         -|   0|  0|  12|          11|          11|
    +-------------------------+----------+----+---+----+------------+------------+
    |Total                    |          |   0|  0|3325|        2640|        3080|
    +-------------------------+----------+----+---+----+------------+------------+

    * Multiplexer: 
    +-----------+----+-----------+-----+-----------+
    |    Name   | LUT| Input Size| Bits| Total Bits|
    +-----------+----+-----------+-----+-----------+
    |ap_NS_fsm  |  42|          8|    1|          8|
    +-----------+----+-----------+-----+-----------+
    |Total      |  42|          8|    1|          8|
    +-----------+----+-----------+-----+-----------+

    * Register: 
    +---------------------------------------------+----+----+-----+-----------+
    |                     Name                    | FF | LUT| Bits| Const Bits|
    +---------------------------------------------+----+----+-----+-----------+
    |add_ln49_102_reg_6370                        |  13|   0|   14|          1|
    |add_ln49_105_reg_6375                        |  13|   0|   14|          1|
    |add_ln49_113_reg_6470                        |  16|   0|   16|          0|
    |add_ln49_120_reg_6390                        |  14|   0|   15|          1|
    |add_ln49_127_reg_6475                        |  16|   0|   16|          0|
    |add_ln49_131_reg_6405                        |  13|   0|   14|          1|
    |add_ln49_134_reg_6410                        |  13|   0|   14|          1|
    |add_ln49_138_reg_6415                        |  13|   0|   14|          1|
    |add_ln49_141_reg_6420                        |  13|   0|   14|          1|
    |add_ln49_146_reg_6312                        |  13|   0|   14|          1|
    |add_ln49_149_reg_6317                        |  13|   0|   14|          1|
    |add_ln49_157_reg_6425                        |  16|   0|   16|          0|
    |add_ln49_158_reg_6480                        |  16|   0|   16|          0|
    |add_ln49_159_reg_6495                        |  16|   0|   16|          0|
    |add_ln49_46_reg_6430                         |  14|   0|   15|          1|
    |add_ln49_53_reg_6435                         |  14|   0|   15|          1|
    |add_ln49_61_reg_6440                         |  14|   0|   15|          1|
    |add_ln49_67_reg_6445                         |  15|   0|   15|          0|
    |add_ln49_69_reg_6485                         |  16|   0|   16|          0|
    |add_ln49_72_reg_6450                         |  13|   0|   14|          1|
    |add_ln49_75_reg_6455                         |  13|   0|   14|          1|
    |add_ln49_82_reg_6460                         |  15|   0|   15|          0|
    |add_ln49_90_reg_6355                         |  14|   0|   15|          1|
    |add_ln49_97_reg_6465                         |  16|   0|   16|          0|
    |add_ln49_98_reg_6490                         |  16|   0|   16|          0|
    |ap_CS_fsm                                    |   7|   0|    7|          0|
    |fir128_int_int_shift_reg                     |   8|   0|    8|          0|
    |fir128_int_int_shift_reg_1                   |   8|   0|    8|          0|
    |fir128_int_int_shift_reg_13_reg_6338         |   8|   0|    8|          0|
    |fir128_int_int_shift_reg_15_reg_6260         |   8|   0|    8|          0|
    |fir128_int_int_shift_reg_2                   |   8|   0|    8|          0|
    |fir128_int_int_shift_reg_20_reg_6266         |   8|   0|    8|          0|
    |fir128_int_int_shift_reg_2_load_reg_6234     |   8|   0|    8|          0|
    |fir128_int_int_shift_reg_3                   |   8|   0|    8|          0|
    |fir128_int_int_shift_reg_38_reg_6299         |   8|   0|    8|          0|
    |fir128_int_int_shift_reg_4                   |   8|   0|    8|          0|
    |fir128_int_int_shift_reg_5                   |   8|   0|    8|          0|
    |fir128_int_int_shift_reg_6                   |   8|   0|    8|          0|
    |fir128_int_int_shift_reg_7                   |   8|   0|    8|          0|
    |fir128_int_int_shift_reg_8                   |   8|   0|    8|          0|
    |fir128_int_int_shift_reg_8_load_reg_6227     |   8|   0|    8|          0|
    |fir128_int_int_shift_reg_9                   |   8|   0|    8|          0|
    |p_ZZ6fir128PiiE9shift_reg_10                 |   8|   0|    8|          0|
    |p_ZZ6fir128PiiE9shift_reg_100                |   8|   0|    8|          0|
    |p_ZZ6fir128PiiE9shift_reg_101                |   8|   0|    8|          0|
    |p_ZZ6fir128PiiE9shift_reg_102                |   8|   0|    8|          0|
    |p_ZZ6fir128PiiE9shift_reg_103                |   8|   0|    8|          0|
    |p_ZZ6fir128PiiE9shift_reg_104                |   8|   0|    8|          0|
    |p_ZZ6fir128PiiE9shift_reg_104_load_reg_6240  |   8|   0|    8|          0|
    |p_ZZ6fir128PiiE9shift_reg_105                |   8|   0|    8|          0|
    |p_ZZ6fir128PiiE9shift_reg_106                |   8|   0|    8|          0|
    |p_ZZ6fir128PiiE9shift_reg_107                |   8|   0|    8|          0|
    |p_ZZ6fir128PiiE9shift_reg_108                |   8|   0|    8|          0|
    |p_ZZ6fir128PiiE9shift_reg_109                |   8|   0|    8|          0|
    |p_ZZ6fir128PiiE9shift_reg_11                 |   8|   0|    8|          0|
    |p_ZZ6fir128PiiE9shift_reg_110                |   8|   0|    8|          0|
    |p_ZZ6fir128PiiE9shift_reg_111                |   8|   0|    8|          0|
    |p_ZZ6fir128PiiE9shift_reg_112                |   8|   0|    8|          0|
    |p_ZZ6fir128PiiE9shift_reg_113                |   8|   0|    8|          0|
    |p_ZZ6fir128PiiE9shift_reg_114                |   8|   0|    8|          0|
    |p_ZZ6fir128PiiE9shift_reg_115                |   8|   0|    8|          0|
    |p_ZZ6fir128PiiE9shift_reg_116                |   8|   0|    8|          0|
    |p_ZZ6fir128PiiE9shift_reg_117                |   8|   0|    8|          0|
    |p_ZZ6fir128PiiE9shift_reg_118                |   8|   0|    8|          0|
    |p_ZZ6fir128PiiE9shift_reg_119                |   8|   0|    8|          0|
    |p_ZZ6fir128PiiE9shift_reg_12                 |   8|   0|    8|          0|
    |p_ZZ6fir128PiiE9shift_reg_120                |   8|   0|    8|          0|
    |p_ZZ6fir128PiiE9shift_reg_121                |   8|   0|    8|          0|
    |p_ZZ6fir128PiiE9shift_reg_122                |   8|   0|    8|          0|
    |p_ZZ6fir128PiiE9shift_reg_123                |   8|   0|    8|          0|
    |p_ZZ6fir128PiiE9shift_reg_124                |   8|   0|    8|          0|
    |p_ZZ6fir128PiiE9shift_reg_125                |   8|   0|    8|          0|
    |p_ZZ6fir128PiiE9shift_reg_126                |   8|   0|    8|          0|
    |p_ZZ6fir128PiiE9shift_reg_13                 |   8|   0|    8|          0|
    |p_ZZ6fir128PiiE9shift_reg_14                 |   8|   0|    8|          0|
    |p_ZZ6fir128PiiE9shift_reg_15                 |   8|   0|    8|          0|
    |p_ZZ6fir128PiiE9shift_reg_16                 |   8|   0|    8|          0|
    |p_ZZ6fir128PiiE9shift_reg_16_load_reg_6305   |   8|   0|    8|          0|
    |p_ZZ6fir128PiiE9shift_reg_17                 |   8|   0|    8|          0|
    |p_ZZ6fir128PiiE9shift_reg_18                 |   8|   0|    8|          0|
    |p_ZZ6fir128PiiE9shift_reg_19                 |   8|   0|    8|          0|
    |p_ZZ6fir128PiiE9shift_reg_20                 |   8|   0|    8|          0|
    |p_ZZ6fir128PiiE9shift_reg_21                 |   8|   0|    8|          0|
    |p_ZZ6fir128PiiE9shift_reg_22                 |   8|   0|    8|          0|
    |p_ZZ6fir128PiiE9shift_reg_23                 |   8|   0|    8|          0|
    |p_ZZ6fir128PiiE9shift_reg_24                 |   8|   0|    8|          0|
    |p_ZZ6fir128PiiE9shift_reg_25                 |   8|   0|    8|          0|
    |p_ZZ6fir128PiiE9shift_reg_26                 |   8|   0|    8|          0|
    |p_ZZ6fir128PiiE9shift_reg_27                 |   8|   0|    8|          0|
    |p_ZZ6fir128PiiE9shift_reg_28                 |   8|   0|    8|          0|
    |p_ZZ6fir128PiiE9shift_reg_29                 |   8|   0|    8|          0|
    |p_ZZ6fir128PiiE9shift_reg_30                 |   8|   0|    8|          0|
    |p_ZZ6fir128PiiE9shift_reg_31                 |   8|   0|    8|          0|
    |p_ZZ6fir128PiiE9shift_reg_32                 |   8|   0|    8|          0|
    |p_ZZ6fir128PiiE9shift_reg_33                 |   8|   0|    8|          0|
    |p_ZZ6fir128PiiE9shift_reg_34                 |   8|   0|    8|          0|
    |p_ZZ6fir128PiiE9shift_reg_35                 |   8|   0|    8|          0|
    |p_ZZ6fir128PiiE9shift_reg_36                 |   8|   0|    8|          0|
    |p_ZZ6fir128PiiE9shift_reg_37                 |   8|   0|    8|          0|
    |p_ZZ6fir128PiiE9shift_reg_38                 |   8|   0|    8|          0|
    |p_ZZ6fir128PiiE9shift_reg_39                 |   8|   0|    8|          0|
    |p_ZZ6fir128PiiE9shift_reg_40                 |   8|   0|    8|          0|
    |p_ZZ6fir128PiiE9shift_reg_40_load_reg_6292   |   8|   0|    8|          0|
    |p_ZZ6fir128PiiE9shift_reg_41                 |   8|   0|    8|          0|
    |p_ZZ6fir128PiiE9shift_reg_42                 |   8|   0|    8|          0|
    |p_ZZ6fir128PiiE9shift_reg_43                 |   8|   0|    8|          0|
    |p_ZZ6fir128PiiE9shift_reg_44                 |   8|   0|    8|          0|
    |p_ZZ6fir128PiiE9shift_reg_45                 |   8|   0|    8|          0|
    |p_ZZ6fir128PiiE9shift_reg_46                 |   8|   0|    8|          0|
    |p_ZZ6fir128PiiE9shift_reg_47                 |   8|   0|    8|          0|
    |p_ZZ6fir128PiiE9shift_reg_48                 |   8|   0|    8|          0|
    |p_ZZ6fir128PiiE9shift_reg_49                 |   8|   0|    8|          0|
    |p_ZZ6fir128PiiE9shift_reg_50                 |   8|   0|    8|          0|
    |p_ZZ6fir128PiiE9shift_reg_50_load_reg_6286   |   8|   0|    8|          0|
    |p_ZZ6fir128PiiE9shift_reg_51                 |   8|   0|    8|          0|
    |p_ZZ6fir128PiiE9shift_reg_52                 |   8|   0|    8|          0|
    |p_ZZ6fir128PiiE9shift_reg_53                 |   8|   0|    8|          0|
    |p_ZZ6fir128PiiE9shift_reg_54                 |   8|   0|    8|          0|
    |p_ZZ6fir128PiiE9shift_reg_55                 |   8|   0|    8|          0|
    |p_ZZ6fir128PiiE9shift_reg_56                 |   8|   0|    8|          0|
    |p_ZZ6fir128PiiE9shift_reg_56_load_reg_6279   |   8|   0|    8|          0|
    |p_ZZ6fir128PiiE9shift_reg_57                 |   8|   0|    8|          0|
    |p_ZZ6fir128PiiE9shift_reg_58                 |   8|   0|    8|          0|
    |p_ZZ6fir128PiiE9shift_reg_59                 |   8|   0|    8|          0|
    |p_ZZ6fir128PiiE9shift_reg_60                 |   8|   0|    8|          0|
    |p_ZZ6fir128PiiE9shift_reg_61                 |   8|   0|    8|          0|
    |p_ZZ6fir128PiiE9shift_reg_62                 |   8|   0|    8|          0|
    |p_ZZ6fir128PiiE9shift_reg_63                 |   8|   0|    8|          0|
    |p_ZZ6fir128PiiE9shift_reg_64                 |   8|   0|    8|          0|
    |p_ZZ6fir128PiiE9shift_reg_65                 |   8|   0|    8|          0|
    |p_ZZ6fir128PiiE9shift_reg_66                 |   8|   0|    8|          0|
    |p_ZZ6fir128PiiE9shift_reg_66_load_reg_6273   |   8|   0|    8|          0|
    |p_ZZ6fir128PiiE9shift_reg_67                 |   8|   0|    8|          0|
    |p_ZZ6fir128PiiE9shift_reg_68                 |   8|   0|    8|          0|
    |p_ZZ6fir128PiiE9shift_reg_69                 |   8|   0|    8|          0|
    |p_ZZ6fir128PiiE9shift_reg_70                 |   8|   0|    8|          0|
    |p_ZZ6fir128PiiE9shift_reg_71                 |   8|   0|    8|          0|
    |p_ZZ6fir128PiiE9shift_reg_72                 |   8|   0|    8|          0|
    |p_ZZ6fir128PiiE9shift_reg_73                 |   8|   0|    8|          0|
    |p_ZZ6fir128PiiE9shift_reg_74                 |   8|   0|    8|          0|
    |p_ZZ6fir128PiiE9shift_reg_75                 |   8|   0|    8|          0|
    |p_ZZ6fir128PiiE9shift_reg_76                 |   8|   0|    8|          0|
    |p_ZZ6fir128PiiE9shift_reg_77                 |   8|   0|    8|          0|
    |p_ZZ6fir128PiiE9shift_reg_78                 |   8|   0|    8|          0|
    |p_ZZ6fir128PiiE9shift_reg_79                 |   8|   0|    8|          0|
    |p_ZZ6fir128PiiE9shift_reg_80                 |   8|   0|    8|          0|
    |p_ZZ6fir128PiiE9shift_reg_81                 |   8|   0|    8|          0|
    |p_ZZ6fir128PiiE9shift_reg_82                 |   8|   0|    8|          0|
    |p_ZZ6fir128PiiE9shift_reg_83                 |   8|   0|    8|          0|
    |p_ZZ6fir128PiiE9shift_reg_84                 |   8|   0|    8|          0|
    |p_ZZ6fir128PiiE9shift_reg_85                 |   8|   0|    8|          0|
    |p_ZZ6fir128PiiE9shift_reg_86                 |   8|   0|    8|          0|
    |p_ZZ6fir128PiiE9shift_reg_87                 |   8|   0|    8|          0|
    |p_ZZ6fir128PiiE9shift_reg_88                 |   8|   0|    8|          0|
    |p_ZZ6fir128PiiE9shift_reg_88_load_reg_6253   |   8|   0|    8|          0|
    |p_ZZ6fir128PiiE9shift_reg_89                 |   8|   0|    8|          0|
    |p_ZZ6fir128PiiE9shift_reg_90                 |   8|   0|    8|          0|
    |p_ZZ6fir128PiiE9shift_reg_91                 |   8|   0|    8|          0|
    |p_ZZ6fir128PiiE9shift_reg_92                 |   8|   0|    8|          0|
    |p_ZZ6fir128PiiE9shift_reg_93                 |   8|   0|    8|          0|
    |p_ZZ6fir128PiiE9shift_reg_94                 |   8|   0|    8|          0|
    |p_ZZ6fir128PiiE9shift_reg_95                 |   8|   0|    8|          0|
    |p_ZZ6fir128PiiE9shift_reg_96                 |   8|   0|    8|          0|
    |p_ZZ6fir128PiiE9shift_reg_97                 |   8|   0|    8|          0|
    |p_ZZ6fir128PiiE9shift_reg_98                 |   8|   0|    8|          0|
    |p_ZZ6fir128PiiE9shift_reg_98_load_reg_6247   |   8|   0|    8|          0|
    |p_ZZ6fir128PiiE9shift_reg_99                 |   8|   0|    8|          0|
    |sub_ln49_88_reg_6365                         |  12|   0|   12|          0|
    |sub_ln49_89_reg_6380                         |  12|   0|   12|          0|
    |sub_ln49_90_reg_6400                         |  12|   0|   12|          0|
    |sub_ln49_91_reg_6322                         |  12|   0|   12|          0|
    |trunc_ln42_reg_6332                          |   8|   0|    8|          0|
    +---------------------------------------------+----+----+-----+-----------+
    |Total                                        |1549|   0| 1564|         15|
    +---------------------------------------------+----+----+-----+-----------+



================================================================
== Interface
================================================================
* Summary: 
+-----------------------+-----+-----+------------+--------------+--------------+
|       RTL Ports       | Dir | Bits|  Protocol  | Source Object|    C Type    |
+-----------------------+-----+-----+------------+--------------+--------------+
|s_axi_control_AWVALID  |   in|    1|       s_axi|       control|        scalar|
|s_axi_control_AWREADY  |  out|    1|       s_axi|       control|        scalar|
|s_axi_control_AWADDR   |   in|    6|       s_axi|       control|        scalar|
|s_axi_control_WVALID   |   in|    1|       s_axi|       control|        scalar|
|s_axi_control_WREADY   |  out|    1|       s_axi|       control|        scalar|
|s_axi_control_WDATA    |   in|   32|       s_axi|       control|        scalar|
|s_axi_control_WSTRB    |   in|    4|       s_axi|       control|        scalar|
|s_axi_control_ARVALID  |   in|    1|       s_axi|       control|        scalar|
|s_axi_control_ARREADY  |  out|    1|       s_axi|       control|        scalar|
|s_axi_control_ARADDR   |   in|    6|       s_axi|       control|        scalar|
|s_axi_control_RVALID   |  out|    1|       s_axi|       control|        scalar|
|s_axi_control_RREADY   |   in|    1|       s_axi|       control|        scalar|
|s_axi_control_RDATA    |  out|   32|       s_axi|       control|        scalar|
|s_axi_control_RRESP    |  out|    2|       s_axi|       control|        scalar|
|s_axi_control_BVALID   |  out|    1|       s_axi|       control|        scalar|
|s_axi_control_BREADY   |   in|    1|       s_axi|       control|        scalar|
|s_axi_control_BRESP    |  out|    2|       s_axi|       control|        scalar|
|ap_clk                 |   in|    1|  ap_ctrl_hs|        fir128|  return value|
|ap_rst_n               |   in|    1|  ap_ctrl_hs|        fir128|  return value|
|interrupt              |  out|    1|  ap_ctrl_hs|        fir128|  return value|
+-----------------------+-----+-----+------------+--------------+--------------+

