

================================================================
== Vitis HLS Report for 'fir'
================================================================
* Date:           Thu Nov  2 20:08:16 2023

* Version:        2022.2 (Build 3670227 on Oct 13 2022)
* Project:        baseline
* Solution:       solution1 (Vivado IP Flow Target)
* Product family: zynq
* Target device:  xc7z020-clg400-1


================================================================
== Performance Estimates
================================================================
+ Timing: 
    * Summary: 
    +--------+----------+----------+------------+
    |  Clock |  Target  | Estimated| Uncertainty|
    +--------+----------+----------+------------+
    |ap_clk  |  10.00 ns|  7.256 ns|     2.70 ns|
    +--------+----------+----------+------------+

+ Latency: 
    * Summary: 
    +---------+---------+----------+----------+-----+-----+---------+
    |  Latency (cycles) |  Latency (absolute) |  Interval | Pipeline|
    |   min   |   max   |    min   |    max   | min | max |   Type  |
    +---------+---------+----------+----------+-----+-----+---------+
    |      216|      216|  2.160 us|  2.160 us|  217|  217|       no|
    +---------+---------+----------+----------+-----+-----+---------+

    + Detail: 
        * Instance: 
        +------------------------------+-------------------+---------+---------+----------+----------+-----+-----+---------+
        |                              |                   |  Latency (cycles) |  Latency (absolute) |  Interval | Pipeline|
        |           Instance           |       Module      |   min   |   max   |    min   |    max   | min | max |   Type  |
        +------------------------------+-------------------+---------+---------+----------+----------+-----+-----+---------+
        |grp_fir_Pipeline_TDL_fu_140   |fir_Pipeline_TDL   |       33|       33|  0.330 us|  0.330 us|   33|   33|       no|
        |grp_fir_Pipeline_TDL1_fu_146  |fir_Pipeline_TDL1  |       33|       33|  0.330 us|  0.330 us|   33|   33|       no|
        |grp_fir_Pipeline_TDL3_fu_152  |fir_Pipeline_TDL3  |       33|       33|  0.330 us|  0.330 us|   33|   33|       no|
        |grp_fir_Pipeline_TDL5_fu_158  |fir_Pipeline_TDL5  |       33|       33|  0.330 us|  0.330 us|   33|   33|       no|
        |grp_fir_Pipeline_MAC_fu_164   |fir_Pipeline_MAC   |      174|      174|  1.740 us|  1.740 us|  174|  174|       no|
        |grp_fir_Pipeline_MAC2_fu_173  |fir_Pipeline_MAC2  |      174|      174|  1.740 us|  1.740 us|  174|  174|       no|
        |grp_fir_Pipeline_MAC4_fu_182  |fir_Pipeline_MAC4  |      174|      174|  1.740 us|  1.740 us|  174|  174|       no|
        |grp_fir_Pipeline_MAC6_fu_191  |fir_Pipeline_MAC6  |      174|      174|  1.740 us|  1.740 us|  174|  174|       no|
        +------------------------------+-------------------+---------+---------+----------+----------+-----+-----+---------+

        * Loop: 
        N/A



================================================================
== Utilization Estimates
================================================================
* Summary: 
+-----------------+---------+-----+--------+-------+-----+
|       Name      | BRAM_18K| DSP |   FF   |  LUT  | URAM|
+-----------------+---------+-----+--------+-------+-----+
|DSP              |        -|    -|       -|      -|    -|
|Expression       |        -|    -|       0|      4|    -|
|FIFO             |        -|    -|       -|      -|    -|
|Instance         |        4|   20|    2568|   3760|    -|
|Memory           |        8|    -|       0|      0|    0|
|Multiplexer      |        -|    -|       -|    455|    -|
|Register         |        -|    -|      18|      -|    -|
+-----------------+---------+-----+--------+-------+-----+
|Total            |       12|   20|    2586|   4219|    0|
+-----------------+---------+-----+--------+-------+-----+
|Available        |      280|  220|  106400|  53200|    0|
+-----------------+---------+-----+--------+-------+-----+
|Utilization (%)  |        4|    9|       2|      7|    0|
+-----------------+---------+-----+--------+-------+-----+

+ Detail: 
    * Instance: 
    +----------------------------------------+------------------------------------+---------+----+-----+-----+-----+
    |                Instance                |               Module               | BRAM_18K| DSP|  FF | LUT | URAM|
    +----------------------------------------+------------------------------------+---------+----+-----+-----+-----+
    |fadd_32ns_32ns_32_5_full_dsp_1_U30      |fadd_32ns_32ns_32_5_full_dsp_1      |        0|   2|  205|  390|    0|
    |faddfsub_32ns_32ns_32_5_full_dsp_1_U31  |faddfsub_32ns_32ns_32_5_full_dsp_1  |        0|   2|  205|  390|    0|
    |grp_fir_Pipeline_MAC_fu_164             |fir_Pipeline_MAC                    |        1|   5|  629|  880|    0|
    |grp_fir_Pipeline_MAC2_fu_173            |fir_Pipeline_MAC2                   |        1|   3|  424|  490|    0|
    |grp_fir_Pipeline_MAC4_fu_182            |fir_Pipeline_MAC4                   |        1|   3|  424|  490|    0|
    |grp_fir_Pipeline_MAC6_fu_191            |fir_Pipeline_MAC6                   |        1|   5|  629|  880|    0|
    |grp_fir_Pipeline_TDL_fu_140             |fir_Pipeline_TDL                    |        0|   0|   13|   60|    0|
    |grp_fir_Pipeline_TDL1_fu_146            |fir_Pipeline_TDL1                   |        0|   0|   13|   60|    0|
    |grp_fir_Pipeline_TDL3_fu_152            |fir_Pipeline_TDL3                   |        0|   0|   13|   60|    0|
    |grp_fir_Pipeline_TDL5_fu_158            |fir_Pipeline_TDL5                   |        0|   0|   13|   60|    0|
    +----------------------------------------+------------------------------------+---------+----+-----+-----+-----+
    |Total                                   |                                    |        4|  20| 2568| 3760|    0|
    +----------------------------------------+------------------------------------+---------+----+-----+-----+-----+

    * DSP: 
    N/A

    * Memory: 
    +----------------+----------------------------+---------+---+----+-----+------+-----+------+-------------+
    |     Memory     |           Module           | BRAM_18K| FF| LUT| URAM| Words| Bits| Banks| W*Bits*Banks|
    +----------------+----------------------------+---------+---+----+-----+------+-----+------+-------------+
    |shift_reg_I1_U  |shift_reg_I1_RAM_AUTO_1R1W  |        2|  0|   0|    0|    32|   32|     1|         1024|
    |shift_reg_1_U   |shift_reg_I1_RAM_AUTO_1R1W  |        2|  0|   0|    0|    32|   32|     1|         1024|
    |shift_reg_2_U   |shift_reg_I1_RAM_AUTO_1R1W  |        2|  0|   0|    0|    32|   32|     1|         1024|
    |shift_reg_U     |shift_reg_I1_RAM_AUTO_1R1W  |        2|  0|   0|    0|    32|   32|     1|         1024|
    +----------------+----------------------------+---------+---+----+-----+------+-----+------+-------------+
    |Total           |                            |        8|  0|   0|    0|   128|  128|     4|         4096|
    +----------------+----------------------------+---------+---+----+-----+------+-----+------+-------------+

    * FIFO: 
    N/A

    * Expression: 
    +---------------------------------+----------+----+---+----+------------+------------+
    |          Variable Name          | Operation| DSP| FF| LUT| Bitwidth P0| Bitwidth P1|
    +---------------------------------+----------+----+---+----+------------+------------+
    |ap_block_state2_on_subcall_done  |        or|   0|  0|   2|           1|           1|
    |ap_block_state5_on_subcall_done  |        or|   0|  0|   2|           1|           1|
    +---------------------------------+----------+----+---+----+------------+------------+
    |Total                            |          |   0|  0|   4|           2|           2|
    +---------------------------------+----------+----+---+----+------------+------------+

    * Multiplexer: 
    +-----------------------+----+-----------+-----+-----------+
    |          Name         | LUT| Input Size| Bits| Total Bits|
    +-----------------------+----+-----------+-----+-----------+
    |ap_NS_fsm              |  59|         11|    1|         11|
    |grp_fu_200_ce          |   9|          2|    1|          2|
    |grp_fu_200_p0          |  14|          3|   32|         96|
    |grp_fu_200_p1          |  14|          3|   32|         96|
    |grp_fu_204_ce          |   9|          2|    1|          2|
    |grp_fu_204_opcode      |  14|          3|    2|          6|
    |grp_fu_204_p0          |  14|          3|   32|         96|
    |grp_fu_204_p1          |  14|          3|   32|         96|
    |shift_reg_1_address0   |  20|          4|    5|         20|
    |shift_reg_1_ce0        |  20|          4|    1|          4|
    |shift_reg_1_ce1        |   9|          2|    1|          2|
    |shift_reg_1_d0         |  14|          3|   32|         96|
    |shift_reg_1_we0        |  14|          3|    1|          3|
    |shift_reg_2_address0   |  20|          4|    5|         20|
    |shift_reg_2_ce0        |  20|          4|    1|          4|
    |shift_reg_2_ce1        |   9|          2|    1|          2|
    |shift_reg_2_d0         |  14|          3|   32|         96|
    |shift_reg_2_we0        |  14|          3|    1|          3|
    |shift_reg_I1_address0  |  20|          4|    5|         20|
    |shift_reg_I1_ce0       |  20|          4|    1|          4|
    |shift_reg_I1_ce1       |   9|          2|    1|          2|
    |shift_reg_I1_d0        |  14|          3|   32|         96|
    |shift_reg_I1_we0       |  14|          3|    1|          3|
    |shift_reg_address0     |  20|          4|    5|         20|
    |shift_reg_ce0          |  20|          4|    1|          4|
    |shift_reg_ce1          |   9|          2|    1|          2|
    |shift_reg_d0           |  14|          3|   32|         96|
    |shift_reg_we0          |  14|          3|    1|          3|
    +-----------------------+----+-----------+-----+-----------+
    |Total                  | 455|         94|  293|        905|
    +-----------------------+----+-----------+-----+-----------+

    * Register: 
    +-------------------------------------------+----+----+-----+-----------+
    |                    Name                   | FF | LUT| Bits| Const Bits|
    +-------------------------------------------+----+----+-----+-----------+
    |ap_CS_fsm                                  |  10|   0|   10|          0|
    |grp_fir_Pipeline_MAC2_fu_173_ap_start_reg  |   1|   0|    1|          0|
    |grp_fir_Pipeline_MAC4_fu_182_ap_start_reg  |   1|   0|    1|          0|
    |grp_fir_Pipeline_MAC6_fu_191_ap_start_reg  |   1|   0|    1|          0|
    |grp_fir_Pipeline_MAC_fu_164_ap_start_reg   |   1|   0|    1|          0|
    |grp_fir_Pipeline_TDL1_fu_146_ap_start_reg  |   1|   0|    1|          0|
    |grp_fir_Pipeline_TDL3_fu_152_ap_start_reg  |   1|   0|    1|          0|
    |grp_fir_Pipeline_TDL5_fu_158_ap_start_reg  |   1|   0|    1|          0|
    |grp_fir_Pipeline_TDL_fu_140_ap_start_reg   |   1|   0|    1|          0|
    +-------------------------------------------+----+----+-----+-----------+
    |Total                                      |  18|   0|   18|          0|
    +-------------------------------------------+----+----+-----+-----------+



================================================================
== Interface
================================================================
* Summary: 
+----------+-----+-----+------------+--------------+--------------+
| RTL Ports| Dir | Bits|  Protocol  | Source Object|    C Type    |
+----------+-----+-----+------------+--------------+--------------+
|ap_clk    |   in|    1|  ap_ctrl_hs|           fir|  return value|
|ap_rst    |   in|    1|  ap_ctrl_hs|           fir|  return value|
|ap_start  |   in|    1|  ap_ctrl_hs|           fir|  return value|
|ap_done   |  out|    1|  ap_ctrl_hs|           fir|  return value|
|ap_idle   |  out|    1|  ap_ctrl_hs|           fir|  return value|
|ap_ready  |  out|    1|  ap_ctrl_hs|           fir|  return value|
|I         |   in|   32|     ap_none|             I|        scalar|
|Q         |   in|   32|     ap_none|             Q|        scalar|
|X         |  out|   32|      ap_vld|             X|       pointer|
|X_ap_vld  |  out|    1|      ap_vld|             X|       pointer|
|Y         |  out|   32|      ap_vld|             Y|       pointer|
|Y_ap_vld  |  out|    1|      ap_vld|             Y|       pointer|
+----------+-----+-----+------------+--------------+--------------+

