

================================================================
== Synthesis Summary Report of 'fir128'
================================================================
+ General Information: 
    * Date:           Tue Oct 17 19:53:23 2023
    * Version:        2023.1 (Build 3854077 on May  4 2023)
    * Project:        hw1_fir128
    * Solution:       solution1 (Vivado IP Flow Target)
    * Product family: zynq
    * Target device:  xc7z020-clg400-1
    

+ Performance & Resource Estimates: 
    
    PS: '+' for module; 'o' for loop; '*' for dataflow
    +----------+------+------+---------+--------+----------+---------+------+----------+------+---------+-----------+-----------+-----+
    |  Modules | Issue|      | Latency | Latency| Iteration|         | Trip |          |      |         |           |           |     |
    |  & Loops | Type | Slack| (cycles)|  (ns)  |  Latency | Interval| Count| Pipelined| BRAM |   DSP   |     FF    |    LUT    | URAM|
    +----------+------+------+---------+--------+----------+---------+------+----------+------+---------+-----------+-----------+-----+
    |+ fir128  |     -|  0.29|        6|  60.000|         -|        7|     -|        no|     -|  12 (5%)|  1661 (1%)|  3535 (6%)|    -|
    +----------+------+------+---------+--------+----------+---------+------+----------+------+---------+-----------+-----------+-----+


================================================================
== HW Interfaces
================================================================
* S_AXILITE Interfaces
+---------------+------------+---------------+--------+----------+
| Interface     | Data Width | Address Width | Offset | Register |
+---------------+------------+---------------+--------+----------+
| s_axi_control | 32         | 6             | 16     | 0        |
+---------------+------------+---------------+--------+----------+

* S_AXILITE Registers
+---------------+----------+--------+-------+--------+----------------------------------+----------------------------------------------------------------------+
| Interface     | Register | Offset | Width | Access | Description                      | Bit Fields                                                           |
+---------------+----------+--------+-------+--------+----------------------------------+----------------------------------------------------------------------+
| s_axi_control | CTRL     | 0x00   | 32    | RW     | Control signals                  | 0=AP_START 1=AP_DONE 2=AP_IDLE 3=AP_READY 7=AUTO_RESTART 9=INTERRUPT |
| s_axi_control | GIER     | 0x04   | 32    | RW     | Global Interrupt Enable Register | 0=Enable                                                             |
| s_axi_control | IP_IER   | 0x08   | 32    | RW     | IP Interrupt Enable Register     | 0=CHAN0_INT_EN 1=CHAN1_INT_EN                                        |
| s_axi_control | IP_ISR   | 0x0c   | 32    | RW     | IP Interrupt Status Register     | 0=CHAN0_INT_ST 1=CHAN1_INT_ST                                        |
| s_axi_control | y        | 0x10   | 32    | R      | Data signal of y                 |                                                                      |
| s_axi_control | y_ctrl   | 0x14   | 32    | R      | Control signal of y              | 0=y_ap_vld                                                           |
| s_axi_control | x        | 0x20   | 32    | W      | Data signal of x                 |                                                                      |
+---------------+----------+--------+-------+--------+----------------------------------+----------------------------------------------------------------------+

* TOP LEVEL CONTROL
+-----------+------------+-----------+
| Interface | Type       | Ports     |
+-----------+------------+-----------+
| ap_clk    | clock      | ap_clk    |
| ap_rst_n  | reset      | ap_rst_n  |
| interrupt | interrupt  | interrupt |
| ap_ctrl   | ap_ctrl_hs |           |
+-----------+------------+-----------+


================================================================
== SW I/O Information
================================================================
* Top Function Arguments
+----------+-----------+----------+
| Argument | Direction | Datatype |
+----------+-----------+----------+
| y        | out       | int*     |
| x        | in        | int      |
+----------+-----------+----------+

* SW-to-HW Mapping
+----------+---------------+----------+----------------------------------+
| Argument | HW Interface  | HW Type  | HW Info                          |
+----------+---------------+----------+----------------------------------+
| y        | s_axi_control | register | name=y offset=0x10 range=32      |
| y        | s_axi_control | register | name=y_ctrl offset=0x14 range=32 |
| x        | s_axi_control | register | name=x offset=0x20 range=32      |
+----------+---------------+----------+----------------------------------+


================================================================
== Bind Op Report
================================================================
+------------------------------------------+-----+--------+--------------+-----+--------+---------+
| Name                                     | DSP | Pragma | Variable     | Op  | Impl   | Latency |
+------------------------------------------+-----+--------+--------------+-----+--------+---------+
| + fir128                                 | 12  |        |              |     |        |         |
|   add_ln49_fu_4385_p2                    | -   |        | add_ln49     | add | fabric | 0       |
|   add_ln49_1_fu_4419_p2                  | -   |        | add_ln49_1   | add | fabric | 0       |
|   add_ln49_2_fu_4453_p2                  | -   |        | add_ln49_2   | add | fabric | 0       |
|   add_ln49_3_fu_4487_p2                  | -   |        | add_ln49_3   | add | fabric | 0       |
|   add_ln49_4_fu_4521_p2                  | -   |        | add_ln49_4   | add | fabric | 0       |
|   add_ln49_5_fu_4555_p2                  | -   |        | add_ln49_5   | add | fabric | 0       |
|   add_ln49_6_fu_4589_p2                  | -   |        | add_ln49_6   | add | fabric | 0       |
|   add_ln49_7_fu_4623_p2                  | -   |        | add_ln49_7   | add | fabric | 0       |
|   add_ln49_8_fu_4657_p2                  | -   |        | add_ln49_8   | add | fabric | 0       |
|   add_ln49_9_fu_4691_p2                  | -   |        | add_ln49_9   | add | fabric | 0       |
|   add_ln49_10_fu_4725_p2                 | -   |        | add_ln49_10  | add | fabric | 0       |
|   add_ln49_11_fu_4759_p2                 | -   |        | add_ln49_11  | add | fabric | 0       |
|   add_ln49_12_fu_4793_p2                 | -   |        | add_ln49_12  | add | fabric | 0       |
|   add_ln49_13_fu_4827_p2                 | -   |        | add_ln49_13  | add | fabric | 0       |
|   add_ln49_14_fu_4861_p2                 | -   |        | add_ln49_14  | add | fabric | 0       |
|   add_ln49_15_fu_4895_p2                 | -   |        | add_ln49_15  | add | fabric | 0       |
|   add_ln49_16_fu_4929_p2                 | -   |        | add_ln49_16  | add | fabric | 0       |
|   add_ln49_17_fu_4963_p2                 | -   |        | add_ln49_17  | add | fabric | 0       |
|   add_ln49_18_fu_4997_p2                 | -   |        | add_ln49_18  | add | fabric | 0       |
|   add_ln49_19_fu_5031_p2                 | -   |        | add_ln49_19  | add | fabric | 0       |
|   add_ln49_20_fu_5065_p2                 | -   |        | add_ln49_20  | add | fabric | 0       |
|   add_ln49_21_fu_5097_p2                 | -   |        | add_ln49_21  | add | fabric | 0       |
|   sub_ln49_fu_1838_p2                    | -   |        | sub_ln49     | sub | fabric | 0       |
|   sub_ln49_92_fu_5123_p2                 | -   |        | sub_ln49_92  | sub | fabric | 0       |
|   sub_ln49_93_fu_5488_p2                 | -   |        | sub_ln49_93  | sub | fabric | 0       |
|   sub_ln49_17_fu_1864_p2                 | -   |        | sub_ln49_17  | sub | fabric | 0       |
|   add_ln49_22_fu_1909_p2                 | -   |        | add_ln49_22  | add | fabric | 0       |
|   add_ln49_23_fu_1943_p2                 | -   |        | add_ln49_23  | add | fabric | 0       |
|   add_ln49_24_fu_1977_p2                 | -   |        | add_ln49_24  | add | fabric | 0       |
|   add_ln49_25_fu_2011_p2                 | -   |        | add_ln49_25  | add | fabric | 0       |
|   add_ln49_26_fu_2045_p2                 | -   |        | add_ln49_26  | add | fabric | 0       |
|   add_ln49_27_fu_2079_p2                 | -   |        | add_ln49_27  | add | fabric | 0       |
|   add_ln49_28_fu_2113_p2                 | -   |        | add_ln49_28  | add | fabric | 0       |
|   add_ln49_29_fu_2145_p2                 | -   |        | add_ln49_29  | add | fabric | 0       |
|   sub_ln49_18_fu_2183_p2                 | -   |        | sub_ln49_18  | sub | fabric | 0       |
|   sub_ln49_94_fu_2209_p2                 | -   |        | sub_ln49_94  | sub | fabric | 0       |
|   sub_ln49_95_fu_2576_p2                 | -   |        | sub_ln49_95  | sub | fabric | 0       |
|   sub_ln49_35_fu_2602_p2                 | -   |        | sub_ln49_35  | sub | fabric | 0       |
|   add_ln49_30_fu_2647_p2                 | -   |        | add_ln49_30  | add | fabric | 0       |
|   add_ln49_31_fu_2681_p2                 | -   |        | add_ln49_31  | add | fabric | 0       |
|   add_ln49_32_fu_2715_p2                 | -   |        | add_ln49_32  | add | fabric | 0       |
|   add_ln49_33_fu_2749_p2                 | -   |        | add_ln49_33  | add | fabric | 0       |
|   add_ln49_34_fu_2783_p2                 | -   |        | add_ln49_34  | add | fabric | 0       |
|   add_ln49_35_fu_2817_p2                 | -   |        | add_ln49_35  | add | fabric | 0       |
|   add_ln49_36_fu_2851_p2                 | -   |        | add_ln49_36  | add | fabric | 0       |
|   add_ln49_37_fu_2883_p2                 | -   |        | add_ln49_37  | add | fabric | 0       |
|   sub_ln49_36_fu_2921_p2                 | -   |        | sub_ln49_36  | sub | fabric | 0       |
|   sub_ln49_96_fu_2947_p2                 | -   |        | sub_ln49_96  | sub | fabric | 0       |
|   sub_ln49_97_fu_1161_p2                 | -   |        | sub_ln49_97  | sub | fabric | 0       |
|   sub_ln49_85_fu_1187_p2                 | -   |        | sub_ln49_85  | sub | fabric | 0       |
|   add_ln49_38_fu_5520_p2                 | -   |        | add_ln49_38  | add | fabric | 0       |
|   add_ln49_39_fu_5530_p2                 | -   |        | add_ln49_39  | add | fabric | 0       |
|   acc_2_fu_5540_p2                       | -   |        | acc_2        | add | fabric | 0       |
|   add_ln49_41_fu_5550_p2                 | -   |        | add_ln49_41  | add | fabric | 0       |
|   add_ln49_42_fu_5560_p2                 | -   |        | add_ln49_42  | add | fabric | 0       |
|   add_ln49_43_fu_5570_p2                 | -   |        | add_ln49_43  | add | fabric | 0       |
|   add_ln49_44_fu_5580_p2                 | -   |        | add_ln49_44  | add | fabric | 0       |
|   add_ln49_45_fu_5590_p2                 | -   |        | add_ln49_45  | add | fabric | 0       |
|   add_ln49_46_fu_5600_p2                 | -   |        | add_ln49_46  | add | fabric | 0       |
|   add_ln49_47_fu_5606_p2                 | -   |        | add_ln49_47  | add | fabric | 0       |
|   add_ln49_48_fu_5616_p2                 | -   |        | add_ln49_48  | add | fabric | 0       |
|   add_ln49_49_fu_5626_p2                 | -   |        | add_ln49_49  | add | fabric | 0       |
|   add_ln49_50_fu_5636_p2                 | -   |        | add_ln49_50  | add | fabric | 0       |
|   add_ln49_51_fu_5646_p2                 | -   |        | add_ln49_51  | add | fabric | 0       |
|   add_ln49_52_fu_5656_p2                 | -   |        | add_ln49_52  | add | fabric | 0       |
|   add_ln49_53_fu_5666_p2                 | -   |        | add_ln49_53  | add | fabric | 0       |
|   add_ln49_55_fu_5672_p2                 | -   |        | add_ln49_55  | add | fabric | 0       |
|   add_ln49_56_fu_5682_p2                 | -   |        | add_ln49_56  | add | fabric | 0       |
|   add_ln49_57_fu_5692_p2                 | -   |        | add_ln49_57  | add | fabric | 0       |
|   add_ln49_58_fu_5702_p2                 | -   |        | add_ln49_58  | add | fabric | 0       |
|   add_ln49_59_fu_5712_p2                 | -   |        | add_ln49_59  | add | fabric | 0       |
|   add_ln49_60_fu_5722_p2                 | -   |        | add_ln49_60  | add | fabric | 0       |
|   add_ln49_61_fu_5732_p2                 | -   |        | add_ln49_61  | add | fabric | 0       |
|   ama_addmuladd_8s_8s_4ns_12s_14_4_1_U3  | 1   |        | add_ln49_62  | add | dsp48  | 3       |
|   ama_addmuladd_8s_8s_4ns_12s_14_4_1_U3  | 1   |        | mul_ln49     | mul | dsp48  | 3       |
|   add_ln49_63_fu_3606_p2                 | -   |        | add_ln49_63  | add | fabric | 0       |
|   ama_addmuladd_8s_8s_4ns_12s_14_4_1_U3  | 1   |        | add_ln49_64  | add | dsp48  | 3       |
|   sub_ln49_86_fu_5741_p2                 | -   |        | sub_ln49_86  | sub | fabric | 0       |
|   am_addmul_8s_8s_5s_13_4_1_U4           | 1   |        | add_ln49_65  | add | dsp48  | 3       |
|   am_addmul_8s_8s_5s_13_4_1_U4           | 1   |        | mul_ln49_1   | mul | dsp48  | 3       |
|   add_ln49_66_fu_5754_p2                 | -   |        | add_ln49_66  | add | fabric | 0       |
|   add_ln49_67_fu_5764_p2                 | -   |        | add_ln49_67  | add | fabric | 0       |
|   add_ln49_68_fu_6042_p2                 | -   |        | add_ln49_68  | add | fabric | 0       |
|   add_ln49_70_fu_5770_p2                 | -   |        | add_ln49_70  | add | fabric | 0       |
|   add_ln49_71_fu_5780_p2                 | -   |        | add_ln49_71  | add | fabric | 0       |
|   add_ln49_72_fu_5790_p2                 | -   |        | add_ln49_72  | add | fabric | 0       |
|   add_ln49_73_fu_5796_p2                 | -   |        | add_ln49_73  | add | fabric | 0       |
|   add_ln49_74_fu_5806_p2                 | -   |        | add_ln49_74  | add | fabric | 0       |
|   add_ln49_75_fu_5816_p2                 | -   |        | add_ln49_75  | add | fabric | 0       |
|   add_ln49_76_fu_6060_p2                 | -   |        | add_ln49_76  | add | fabric | 0       |
|   am_addmul_8s_8s_5s_13_4_1_U5           | 1   |        | add_ln49_77  | add | dsp48  | 3       |
|   am_addmul_8s_8s_5s_13_4_1_U5           | 1   |        | mul_ln49_2   | mul | dsp48  | 3       |
|   sub_ln49_87_fu_5825_p2                 | -   |        | sub_ln49_87  | sub | fabric | 0       |
|   add_ln49_78_fu_5835_p2                 | -   |        | add_ln49_78  | add | fabric | 0       |
|   add_ln49_79_fu_3616_p2                 | -   |        | add_ln49_79  | add | fabric | 0       |
|   ama_addmuladd_8s_8s_4ns_12s_14_4_1_U6  | 1   |        | add_ln49_80  | add | dsp48  | 3       |
|   ama_addmuladd_8s_8s_4ns_12s_14_4_1_U6  | 1   |        | mul_ln49_3   | mul | dsp48  | 3       |
|   ama_addmuladd_8s_8s_4ns_12s_14_4_1_U6  | 1   |        | add_ln49_81  | add | dsp48  | 3       |
|   add_ln49_82_fu_5848_p2                 | -   |        | add_ln49_82  | add | fabric | 0       |
|   add_ln49_84_fu_3626_p2                 | -   |        | add_ln49_84  | add | fabric | 0       |
|   add_ln49_85_fu_3636_p2                 | -   |        | add_ln49_85  | add | fabric | 0       |
|   add_ln49_86_fu_3646_p2                 | -   |        | add_ln49_86  | add | fabric | 0       |
|   add_ln49_87_fu_3656_p2                 | -   |        | add_ln49_87  | add | fabric | 0       |
|   add_ln49_88_fu_3666_p2                 | -   |        | add_ln49_88  | add | fabric | 0       |
|   add_ln49_89_fu_3676_p2                 | -   |        | add_ln49_89  | add | fabric | 0       |
|   add_ln49_90_fu_3686_p2                 | -   |        | add_ln49_90  | add | fabric | 0       |
|   ama_addmuladd_8s_8s_4ns_12s_14_4_1_U7  | 1   |        | add_ln49_91  | add | dsp48  | 3       |
|   ama_addmuladd_8s_8s_4ns_12s_14_4_1_U7  | 1   |        | mul_ln49_4   | mul | dsp48  | 3       |
|   add_ln49_92_fu_3692_p2                 | -   |        | add_ln49_92  | add | fabric | 0       |
|   ama_addmuladd_8s_8s_4ns_12s_14_4_1_U7  | 1   |        | add_ln49_93  | add | dsp48  | 3       |
|   sub_ln49_88_fu_3702_p2                 | -   |        | sub_ln49_88  | sub | fabric | 0       |
|   am_addmul_8s_8s_5s_13_4_1_U8           | 1   |        | add_ln49_94  | add | dsp48  | 3       |
|   am_addmul_8s_8s_5s_13_4_1_U8           | 1   |        | mul_ln49_5   | mul | dsp48  | 3       |
|   add_ln49_95_fu_5866_p2                 | -   |        | add_ln49_95  | add | fabric | 0       |
|   add_ln49_96_fu_5876_p2                 | -   |        | add_ln49_96  | add | fabric | 0       |
|   add_ln49_97_fu_5886_p2                 | -   |        | add_ln49_97  | add | fabric | 0       |
|   add_ln49_100_fu_3708_p2                | -   |        | add_ln49_100 | add | fabric | 0       |
|   add_ln49_101_fu_3718_p2                | -   |        | add_ln49_101 | add | fabric | 0       |
|   add_ln49_102_fu_3728_p2                | -   |        | add_ln49_102 | add | fabric | 0       |
|   add_ln49_103_fu_3734_p2                | -   |        | add_ln49_103 | add | fabric | 0       |
|   add_ln49_104_fu_3744_p2                | -   |        | add_ln49_104 | add | fabric | 0       |
|   add_ln49_105_fu_3754_p2                | -   |        | add_ln49_105 | add | fabric | 0       |
|   add_ln49_106_fu_5898_p2                | -   |        | add_ln49_106 | add | fabric | 0       |
|   am_addmul_8s_8s_5s_13_4_1_U9           | 1   |        | add_ln49_107 | add | dsp48  | 3       |
|   am_addmul_8s_8s_5s_13_4_1_U9           | 1   |        | mul_ln49_6   | mul | dsp48  | 3       |
|   sub_ln49_89_fu_3760_p2                 | -   |        | sub_ln49_89  | sub | fabric | 0       |
|   add_ln49_108_fu_5914_p2                | -   |        | add_ln49_108 | add | fabric | 0       |
|   add_ln49_109_fu_3766_p2                | -   |        | add_ln49_109 | add | fabric | 0       |
|   ama_addmuladd_8s_8s_4ns_12s_14_4_1_U10 | 1   |        | add_ln49_110 | add | dsp48  | 3       |
|   ama_addmuladd_8s_8s_4ns_12s_14_4_1_U10 | 1   |        | mul_ln49_7   | mul | dsp48  | 3       |
|   ama_addmuladd_8s_8s_4ns_12s_14_4_1_U10 | 1   |        | add_ln49_111 | add | dsp48  | 3       |
|   add_ln49_112_fu_5927_p2                | -   |        | add_ln49_112 | add | fabric | 0       |
|   add_ln49_113_fu_5937_p2                | -   |        | add_ln49_113 | add | fabric | 0       |
|   add_ln49_114_fu_3776_p2                | -   |        | add_ln49_114 | add | fabric | 0       |
|   add_ln49_115_fu_3786_p2                | -   |        | add_ln49_115 | add | fabric | 0       |
|   add_ln49_116_fu_3796_p2                | -   |        | add_ln49_116 | add | fabric | 0       |
|   add_ln49_117_fu_3806_p2                | -   |        | add_ln49_117 | add | fabric | 0       |
|   add_ln49_118_fu_3816_p2                | -   |        | add_ln49_118 | add | fabric | 0       |
|   add_ln49_119_fu_3826_p2                | -   |        | add_ln49_119 | add | fabric | 0       |
|   add_ln49_120_fu_3836_p2                | -   |        | add_ln49_120 | add | fabric | 0       |
|   ama_addmuladd_8s_8s_4ns_12s_14_4_1_U11 | 1   |        | add_ln49_121 | add | dsp48  | 3       |
|   ama_addmuladd_8s_8s_4ns_12s_14_4_1_U11 | 1   |        | mul_ln49_8   | mul | dsp48  | 3       |
|   add_ln49_122_fu_3842_p2                | -   |        | add_ln49_122 | add | fabric | 0       |
|   ama_addmuladd_8s_8s_4ns_12s_14_4_1_U11 | 1   |        | add_ln49_123 | add | dsp48  | 3       |
|   sub_ln49_90_fu_3852_p2                 | -   |        | sub_ln49_90  | sub | fabric | 0       |
|   am_addmul_8s_8s_5s_13_4_1_U12          | 1   |        | add_ln49_124 | add | dsp48  | 3       |
|   am_addmul_8s_8s_5s_13_4_1_U12          | 1   |        | mul_ln49_9   | mul | dsp48  | 3       |
|   add_ln49_125_fu_5955_p2                | -   |        | add_ln49_125 | add | fabric | 0       |
|   add_ln49_126_fu_5965_p2                | -   |        | add_ln49_126 | add | fabric | 0       |
|   add_ln49_127_fu_5975_p2                | -   |        | add_ln49_127 | add | fabric | 0       |
|   add_ln49_129_fu_3858_p2                | -   |        | add_ln49_129 | add | fabric | 0       |
|   add_ln49_130_fu_3868_p2                | -   |        | add_ln49_130 | add | fabric | 0       |
|   add_ln49_131_fu_3878_p2                | -   |        | add_ln49_131 | add | fabric | 0       |
|   add_ln49_132_fu_3884_p2                | -   |        | add_ln49_132 | add | fabric | 0       |
|   add_ln49_133_fu_3894_p2                | -   |        | add_ln49_133 | add | fabric | 0       |
|   add_ln49_134_fu_3904_p2                | -   |        | add_ln49_134 | add | fabric | 0       |
|   add_ln49_135_fu_5987_p2                | -   |        | add_ln49_135 | add | fabric | 0       |
|   add_ln49_136_fu_3910_p2                | -   |        | add_ln49_136 | add | fabric | 0       |
|   add_ln49_137_fu_3920_p2                | -   |        | add_ln49_137 | add | fabric | 0       |
|   add_ln49_138_fu_3930_p2                | -   |        | add_ln49_138 | add | fabric | 0       |
|   add_ln49_139_fu_3936_p2                | -   |        | add_ln49_139 | add | fabric | 0       |
|   add_ln49_140_fu_3946_p2                | -   |        | add_ln49_140 | add | fabric | 0       |
|   add_ln49_141_fu_3956_p2                | -   |        | add_ln49_141 | add | fabric | 0       |
|   add_ln49_142_fu_6003_p2                | -   |        | add_ln49_142 | add | fabric | 0       |
|   add_ln49_144_fu_1208_p2                | -   |        | add_ln49_144 | add | fabric | 0       |
|   add_ln49_145_fu_1218_p2                | -   |        | add_ln49_145 | add | fabric | 0       |
|   add_ln49_146_fu_1228_p2                | -   |        | add_ln49_146 | add | fabric | 0       |
|   add_ln49_147_fu_1234_p2                | -   |        | add_ln49_147 | add | fabric | 0       |
|   add_ln49_148_fu_1244_p2                | -   |        | add_ln49_148 | add | fabric | 0       |
|   add_ln49_149_fu_1254_p2                | -   |        | add_ln49_149 | add | fabric | 0       |
|   add_ln49_150_fu_3968_p2                | -   |        | add_ln49_150 | add | fabric | 0       |
|   am_addmul_8s_8s_5s_13_4_1_U1           | 1   |        | add_ln49_151 | add | dsp48  | 3       |
|   am_addmul_8s_8s_5s_13_4_1_U1           | 1   |        | mul_ln49_10  | mul | dsp48  | 3       |
|   sub_ln49_91_fu_1260_p2                 | -   |        | sub_ln49_91  | sub | fabric | 0       |
|   add_ln49_152_fu_3984_p2                | -   |        | add_ln49_152 | add | fabric | 0       |
|   add_ln49_153_fu_1266_p2                | -   |        | add_ln49_153 | add | fabric | 0       |
|   ama_addmuladd_8s_8s_4ns_12s_14_4_1_U2  | 1   |        | add_ln49_154 | add | dsp48  | 3       |
|   ama_addmuladd_8s_8s_4ns_12s_14_4_1_U2  | 1   |        | mul_ln49_11  | mul | dsp48  | 3       |
|   ama_addmuladd_8s_8s_4ns_12s_14_4_1_U2  | 1   |        | add_ln49_155 | add | dsp48  | 3       |
|   add_ln49_156_fu_3997_p2                | -   |        | add_ln49_156 | add | fabric | 0       |
|   add_ln49_157_fu_4007_p2                | -   |        | add_ln49_157 | add | fabric | 0       |
+------------------------------------------+-----+--------+--------------+-----+--------+---------+


================================================================
== Bind Storage Report
================================================================
  No bind storage info in design

================================================================
== Pragma Report
================================================================
* Valid Pragma Syntax
+-----------------+------------------------------------------+---------------------------------------------------------+
| Type            | Options                                  | Location                                                |
+-----------------+------------------------------------------+---------------------------------------------------------+
| array_partition | variable=shift_reg type=block factor=300 | fir.cpp:29 in fir128, shift_reg                         |
| array_partition | variable=c type=block factor=64          | fir.cpp:30 in fir128, c                                 |
| pipeline        | II=3                                     | fir.cpp:34 in fir128                                    |
| unroll          | factor=127                               | fir.cpp:35 in fir128                                    |
| pipeline        | II=4                                     | fir.cpp:46 in fir128                                    |
| unroll          | factor=128                               | fir.cpp:47 in fir128                                    |
| interface       | s_axilite port=return                    | hw1_fir128/solution1/directives.tcl:8 in fir128, return |
| interface       | s_axilite port=x                         | hw1_fir128/solution1/directives.tcl:10 in fir128, x     |
| interface       | s_axilite port=y                         | hw1_fir128/solution1/directives.tcl:9 in fir128, y      |
+-----------------+------------------------------------------+---------------------------------------------------------+


